  x = 1;
  x = 2;
  x = 3;
  if x goto L2;
  return x;
L2:
  return x;
