  i = 1;
  s = 0;
  s = s + i;
  i = i + 1;
  return s;
