  i = 1;
  s = 0;
  goto L10
L10:
  i = i + 1;
  goto L9;
L9:
  i = i + 1;
  goto L8;
L8:
  i = i + 1;
  goto L7;
L7:
  i = i + 1;
  goto L4;
L4:
  i = i + 1;
  goto L3;
L3:
  i = i + 1;
  goto L1;
L1:
  i = i + 1;
  return i;
